Microchip MPLAB XC8 Compiler V2.00 ()

Linker command line:

-W-3 --edf=C:\Program Files (x86)\Microchip\xc8\v2.00\pic\dat\en_msgs.txt \
  -cs -h+dist/default/production\semaforodisplay7seg.X.production.sym \
  --cmf=dist/default/production\semaforodisplay7seg.X.production.cmf -z \
  -Q16F887 -oC:\Users\20185210\AppData\Local\Temp\s6i4.2 \
  -Mdist/default/production/semaforodisplay7seg.X.production.map -E1 \
  -ver=XC8 --acfsm=1493 -ASTACK=0110h-016fh -pstack=STACK \
  -ACODE=00h-07FFhx4 -ASTRCODE=00h-01FFFh -ASTRING=00h-0FFhx32 \
  -ACONST=00h-0FFhx32 -AENTRY=00h-0FFhx32 -ACOMMON=070h-07Fh \
  -ABANK0=020h-06Fh -ABANK1=0A0h-0EFh -ABANK2=0110h-016Fh \
  -ABANK3=0190h-01EFh -ARAM=020h-06Fh,0A0h-0EFh,0110h-016Fh,0190h-01EFh \
  -AABS1=020h-07Fh,0A0h-0EFh,0110h-016Fh,0190h-01EFh -ASFR0=00h-01Fh \
  -ASFR1=080h-09Fh -ASFR2=0100h-010Fh -ASFR3=0180h-018Fh \
  -preset_vec=00h,intentry,init,end_init -ppowerup=CODE -pcinit=CODE \
  -pfunctab=ENTRY -ACONFIG=02007h-02008h -pconfig=CONFIG -DCONFIG=2 \
  -AIDLOC=02000h-02003h -pidloc=IDLOC -DIDLOC=2 -AEEDATA=00h-0FFh/02100h \
  -peeprom_data=EEDATA -DEEDATA=2 -DCODE=2 -DSTRCODE=2 -DSTRING=2 -DCONST=2 \
  -DENTRY=2 -k C:\Users\20185210\AppData\Local\Temp\s6i4.o \
  dist/default/production\semaforodisplay7seg.X.production.o 

Object code version is 3.11

Machine type is 16F887



                Name                               Link     Load   Length Selector   Space Scale
C:\Users\20185210\AppData\Local\Temp\s6i4.o
                end_init                              0        0        3        0       0
                config                             2007     2007        2     400E       0
dist/default/production\semaforodisplay7seg.X.production.o
                cinit                               7EE      7EE       12      FDC       0
                text10                              694      694        6      D28       0
                text9                               6C3      6C3        C      D86       0
                text8                               6F2      6F2       17      DE4       0
                text7                               6AF      6AF        A      D5E       0
                text6                               6B9      6B9        A      D72       0
                text5                               6A6      6A6        9      D4C       0
                text4                               69A      69A        6      D34       0
                text3                               68A      68A        5      D14       0
                text2                               6A0      6A0        6      D40       0
                text1                               68F      68F        5      D1E       0
                maintext                            709      709       E5      E12       0
                cstackCOMMON                         70       70        9       70       1
                inittext                            6DF      6DF       13      DBE       0
                dataBANK0                            20       20       10       20       1
                idataBANK0                          6CF      6CF       10      D9E       0

TOTAL           Name                               Link     Load   Length     Space
        CLASS   STACK          

        CLASS   CODE           
                end_init                              0        0        3         0
                cinit                               7EE      7EE       12         0
                text10                              694      694        6         0
                text9                               6C3      6C3        C         0
                text8                               6F2      6F2       17         0
                text7                               6AF      6AF        A         0
                text6                               6B9      6B9        A         0
                text5                               6A6      6A6        9         0
                text4                               69A      69A        6         0
                text3                               68A      68A        5         0
                text2                               6A0      6A0        6         0
                text1                               68F      68F        5         0
                maintext                            709      709       E5         0
                inittext                            6DF      6DF       13         0
                idataBANK0                          6CF      6CF       10         0

        CLASS   STRCODE        

        CLASS   STRING         

        CLASS   CONST          

        CLASS   ENTRY          

        CLASS   COMMON         
                cstackCOMMON                         70       70        9         1

        CLASS   BANK0          
                dataBANK0                            20       20       10         1

        CLASS   BANK1          

        CLASS   BANK2          

        CLASS   BANK3          

        CLASS   RAM            

        CLASS   ABS1           
                abs_s1                               7E       7E        2         1

        CLASS   SFR0           

        CLASS   SFR1           

        CLASS   SFR2           

        CLASS   SFR3           

        CLASS   CONFIG         
                config                             2007     2007        2         0

        CLASS   IDLOC          

        CLASS   EEDATA         



SEGMENTS        Name                           Load    Length   Top    Selector   Space  Class     Delta

                reset_vec                      000000  000003  000003         0       0  CODE        2
                dataBANK0                      000020  000010  000030        20       1  BANK0       1
                cstackCOMMON                   000070  000009  000079        70       1  COMMON      1
                text3                          00068A  000005  00068F       D14       0  CODE        2
                text1                          00068F  000005  000694       D1E       0  CODE        2
                text10                         000694  000006  00069A       D28       0  CODE        2
                text4                          00069A  000006  0006A0       D34       0  CODE        2
                text2                          0006A0  000006  0006A6       D40       0  CODE        2
                text5                          0006A6  000009  0006AF       D4C       0  CODE        2
                text7                          0006AF  00000A  0006B9       D5E       0  CODE        2
                text6                          0006B9  00000A  0006C3       D72       0  CODE        2
                text9                          0006C3  00000C  0006CF       D86       0  CODE        2
                idataBANK0                     0006CF  000010  0006DF       D9E       0  CODE        2
                inittext                       0006DF  000013  0006F2       DBE       0  CODE        2
                text8                          0006F2  000017  000709       DE4       0  CODE        2
                maintext                       000709  0000E5  0007EE       E12       0  CODE        2
                cinit                          0007EE  000012  000800       FDC       0  CODE        2
                config                         002007  000002  002009      400E       0  CONFIG      2


UNUSED ADDRESS RANGES

        Name                Unused          Largest block    Delta
        BANK0            0030-006F             40           1
        BANK1            00A0-00EF             50           1
        BANK2            0110-016F             60           1
        BANK3            0190-01EF             60           1
        CODE             0003-0689            687           2
                         0800-1FFF            800
        COMMON           0079-007D              5           1
        CONST            0003-0689            100           2
                         0800-1FFF            100
        EEDATA           2100-21FF            100           2
        ENTRY            0003-0689            100           2
                         0800-1FFF            100
        IDLOC            2000-2003              4           2
        RAM              0030-006F             40           1
                         00A0-00EF             50
                         0110-016F             60
                         0190-01EF             60
        SFR0             0000-001F             20           1
        SFR1             0080-009F             20           1
        SFR2             0100-010F             10           1
        SFR3             0180-018F             10           1
        STACK            0110-016F             60           1
        STRCODE          0003-0689            687           2
                         0800-1FFF           1800
        STRING           0003-0689            100           2
                         0800-1FFF            100

                                  Symbol Table

?_botao_ped                cstackCOMMON 0070
_ANSELH                    (abs)        0189
_PORTB                     (abs)        0006
_PORTDbits                 (abs)        0008
_TRISB                     (abs)        0086
_TRISDbits                 (abs)        0088
__CFG_BOR4V$BOR40V         (abs)        0000
__CFG_BOREN$OFF            (abs)        0000
__CFG_CP$OFF               (abs)        0000
__CFG_CPD$OFF              (abs)        0000
__CFG_FCMEN$OFF            (abs)        0000
__CFG_FOSC$INTRC_NOCLKOUT  (abs)        0000
__CFG_IESO$OFF             (abs)        0000
__CFG_LVP$OFF              (abs)        0000
__CFG_MCLRE$OFF            (abs)        0000
__CFG_PWRTE$OFF            (abs)        0000
__CFG_WDTE$OFF             (abs)        0000
__CFG_WRT$OFF              (abs)        0000
__Habs1                    abs1         0000
__Hbank0                   bank0        0000
__Hbank1                   bank1        0000
__Hbank2                   bank2        0000
__Hbank3                   bank3        0000
__Hcinit                   cinit        0800
__Hclrtext                 clrtext      0000
__Hcode                    code         0000
__Hcommon                  common       0000
__Hconfig                  config       2009
__HcstackCOMMON            cstackCOMMON 0000
__HdataBANK0               dataBANK0    0000
__Heeprom_data             eeprom_data  0000
__Hend_init                end_init     0003
__Hfunctab                 functab      0000
__HidataBANK0              idataBANK0   0000
__Hidloc                   idloc        0000
__Hinit                    init         0000
__Hinittext                inittext     0000
__Hintentry                intentry     0000
__Hmaintext                maintext     0000
__Hpowerup                 powerup      0000
__Hram                     ram          0000
__Hreset_vec               reset_vec    0000
__Hsfr0                    sfr0         0000
__Hsfr1                    sfr1         0000
__Hsfr2                    sfr2         0000
__Hsfr3                    sfr3         0000
__Hspace_0                 (abs)        2009
__Hspace_1                 (abs)        0079
__Hspace_2                 (abs)        0000
__Hspace_3                 (abs)        0000
__Hstack                   stack        0000
__Hstrings                 strings      0000
__Htext                    text         0000
__Labs1                    abs1         0000
__Lbank0                   bank0        0000
__Lbank1                   bank1        0000
__Lbank2                   bank2        0000
__Lbank3                   bank3        0000
__Lcinit                   cinit        07EE
__Lclrtext                 clrtext      0000
__Lcode                    code         0000
__Lcommon                  common       0000
__Lconfig                  config       2007
__LcstackCOMMON            cstackCOMMON 0000
__LdataBANK0               dataBANK0    0000
__Leeprom_data             eeprom_data  0000
__Lend_init                end_init     0000
__Lfunctab                 functab      0000
__LidataBANK0              idataBANK0   0000
__Lidloc                   idloc        0000
__Linit                    init         0000
__Linittext                inittext     0000
__Lintentry                intentry     0000
__Lmaintext                maintext     0000
__Lpowerup                 powerup      0000
__Lram                     ram          0000
__Lreset_vec               reset_vec    0000
__Lsfr0                    sfr0         0000
__Lsfr1                    sfr1         0000
__Lsfr2                    sfr2         0000
__Lsfr3                    sfr3         0000
__Lspace_0                 (abs)        0000
__Lspace_1                 (abs)        0000
__Lspace_2                 (abs)        0000
__Lspace_3                 (abs)        0000
__Lstack                   stack        0000
__Lstrings                 strings      0000
__Ltext                    text         0000
__S0                       (abs)        2009
__S1                       (abs)        0079
__S2                       (abs)        0000
__S3                       (abs)        0000
___int_sp                  stack        0000
___latbits                 (abs)        0002
___sp                      stack        0000
__end_of__initialization   cinit        07FC
__end_of_amarelo           text10       069A
__end_of_botao_ped         text9        06CF
__end_of_delay             text8        0709
__end_of_display7seg       text7        06B9
__end_of_display7seg_init  text6        06C3
__end_of_main              maintext     07EE
__end_of_semafaro_init     text5        06AF
__end_of_verde             text4        06A0
__end_of_verde_ped         text3        068F
__end_of_vermelho          text2        06A6
__end_of_vermelho_ped      text1        0694
__initialization           cinit        07EE
__pcstackCOMMON            cstackCOMMON 0070
__pdataBANK0               dataBANK0    0020
__pidataBANK0              idataBANK0   06CF
__pmaintext                maintext     0709
__ptext1                   text1        068F
__ptext10                  text10       0694
__ptext2                   text2        06A0
__ptext3                   text3        068A
__ptext4                   text4        069A
__ptext5                   text5        06A6
__ptext6                   text6        06B9
__ptext7                   text7        06AF
__ptext8                   text8        06F2
__ptext9                   text9        06C3
__size_of_amarelo          (abs)        0000
__size_of_botao_ped        (abs)        0000
__size_of_delay            (abs)        0000
__size_of_display7seg      (abs)        0000
__size_of_display7seg_init (abs)        0000
__size_of_main             (abs)        0000
__size_of_semafaro_init    (abs)        0000
__size_of_verde            (abs)        0000
__size_of_verde_ped        (abs)        0000
__size_of_vermelho         (abs)        0000
__size_of_vermelho_ped     (abs)        0000
_amarelo                   text10       0694
_botao_ped                 text9        06C3
_delay                     text8        06F2
_digitos                   dataBANK0    0020
_display7seg               text7        06AF
_display7seg_init          text6        06B9
_main                      maintext     0709
_semafaro_init             text5        06A6
_verde                     text4        069A
_verde_ped                 text3        068A
_vermelho                  text2        06A0
_vermelho_ped              text1        068F
btemp                      (abs)        007E
delay@t                    cstackCOMMON 0070
display7seg@c              cstackCOMMON 0070
end_of_initialization      cinit        07FC
init_fetch0                inittext     06DF
init_ram0                  inittext     06E3
intlevel0                  functab      0000
intlevel1                  functab      0000
intlevel2                  functab      0000
intlevel3                  functab      0000
intlevel4                  functab      0000
intlevel5                  functab      0000
main@cont                  cstackCOMMON 0077
main@estado                cstackCOMMON 0076
reset_vec                  reset_vec    0000
stackhi                    (abs)        0000
stacklo                    (abs)        0000
start                      init         0000
start_initialization       cinit        07EE
wtemp0                     (abs)        007E


FUNCTION INFORMATION:

 *************** function _main *****************
 Defined at:
		line 15 in file "main.c"
 Parameters:    Size  Location     Type
		None
 Auto vars:     Size  Location     Type
  cont            2    7[COMMON] int 
  estado          1    6[COMMON] unsigned char 
 Return value:  Size  Location     Type
                  1    wreg      void 
 Registers used:
		wreg, fsr0l, fsr0h, status,2, status,0, pclath, cstack
 Tracked objects:
		On entry : 
		On exit  : 
		Unchanged: 
 Data sizes:     COMMON   BANK0   BANK1   BANK3   BANK2
      Params:         0       0       0       0       0
      Locals:         3       0       0       0       0
      Temps:          2       0       0       0       0
      Totals:         5       0       0       0       0
Total ram usage:        5 bytes
 Hardware stack levels required when called:    1
 This function calls:
		_amarelo
		_botao_ped
		_delay
		_display7seg
		_display7seg_init
		_semafaro_init
		_verde
		_verde_ped
		_vermelho
		_vermelho_ped
 This function is called by:
		Startup code after reset
 This function uses a non-reentrant model


 *************** function _vermelho_ped *****************
 Defined at:
		line 45 in file "inicializacao.c"
 Parameters:    Size  Location     Type
		None
 Auto vars:     Size  Location     Type
		None
 Return value:  Size  Location     Type
                  1    wreg      void 
 Registers used:
		None
 Tracked objects:
		On entry : 
		On exit  : 
		Unchanged: 
 Data sizes:     COMMON   BANK0   BANK1   BANK3   BANK2
      Params:         0       0       0       0       0
      Locals:         0       0       0       0       0
      Temps:          0       0       0       0       0
      Totals:         0       0       0       0       0
Total ram usage:        0 bytes
 Hardware stack levels used:    1
 This function calls:
		Nothing
 This function is called by:
		_main
 This function uses a non-reentrant model


 *************** function _vermelho *****************
 Defined at:
		line 38 in file "inicializacao.c"
 Parameters:    Size  Location     Type
		None
 Auto vars:     Size  Location     Type
		None
 Return value:  Size  Location     Type
                  1    wreg      void 
 Registers used:
		None
 Tracked objects:
		On entry : 
		On exit  : 
		Unchanged: 
 Data sizes:     COMMON   BANK0   BANK1   BANK3   BANK2
      Params:         0       0       0       0       0
      Locals:         0       0       0       0       0
      Temps:          0       0       0       0       0
      Totals:         0       0       0       0       0
Total ram usage:        0 bytes
 Hardware stack levels used:    1
 This function calls:
		Nothing
 This function is called by:
		_main
 This function uses a non-reentrant model


 *************** function _verde_ped *****************
 Defined at:
		line 51 in file "inicializacao.c"
 Parameters:    Size  Location     Type
		None
 Auto vars:     Size  Location     Type
		None
 Return value:  Size  Location     Type
                  1    wreg      void 
 Registers used:
		None
 Tracked objects:
		On entry : 
		On exit  : 
		Unchanged: 
 Data sizes:     COMMON   BANK0   BANK1   BANK3   BANK2
      Params:         0       0       0       0       0
      Locals:         0       0       0       0       0
      Temps:          0       0       0       0       0
      Totals:         0       0       0       0       0
Total ram usage:        0 bytes
 Hardware stack levels used:    1
 This function calls:
		Nothing
 This function is called by:
		_main
 This function uses a non-reentrant model


 *************** function _verde *****************
 Defined at:
		line 23 in file "inicializacao.c"
 Parameters:    Size  Location     Type
		None
 Auto vars:     Size  Location     Type
		None
 Return value:  Size  Location     Type
                  1    wreg      void 
 Registers used:
		None
 Tracked objects:
		On entry : 
		On exit  : 
		Unchanged: 
 Data sizes:     COMMON   BANK0   BANK1   BANK3   BANK2
      Params:         0       0       0       0       0
      Locals:         0       0       0       0       0
      Temps:          0       0       0       0       0
      Totals:         0       0       0       0       0
Total ram usage:        0 bytes
 Hardware stack levels used:    1
 This function calls:
		Nothing
 This function is called by:
		_main
 This function uses a non-reentrant model


 *************** function _semafaro_init *****************
 Defined at:
		line 10 in file "inicializacao.c"
 Parameters:    Size  Location     Type
		None
 Auto vars:     Size  Location     Type
		None
 Return value:  Size  Location     Type
                  1    wreg      void 
 Registers used:
		None
 Tracked objects:
		On entry : 
		On exit  : 
		Unchanged: 
 Data sizes:     COMMON   BANK0   BANK1   BANK3   BANK2
      Params:         0       0       0       0       0
      Locals:         0       0       0       0       0
      Temps:          0       0       0       0       0
      Totals:         0       0       0       0       0
Total ram usage:        0 bytes
 Hardware stack levels used:    1
 This function calls:
		Nothing
 This function is called by:
		_main
 This function uses a non-reentrant model


 *************** function _display7seg_init *****************
 Defined at:
		line 18 in file "display7seg.c"
 Parameters:    Size  Location     Type
		None
 Auto vars:     Size  Location     Type
		None
 Return value:  Size  Location     Type
                  1    wreg      void 
 Registers used:
		status,2
 Tracked objects:
		On entry : 
		On exit  : 
		Unchanged: 
 Data sizes:     COMMON   BANK0   BANK1   BANK3   BANK2
      Params:         0       0       0       0       0
      Locals:         0       0       0       0       0
      Temps:          0       0       0       0       0
      Totals:         0       0       0       0       0
Total ram usage:        0 bytes
 Hardware stack levels used:    1
 This function calls:
		Nothing
 This function is called by:
		_main
 This function uses a non-reentrant model


 *************** function _display7seg *****************
 Defined at:
		line 25 in file "display7seg.c"
 Parameters:    Size  Location     Type
  c               1    wreg     unsigned char 
 Auto vars:     Size  Location     Type
  c               1    0[COMMON] unsigned char 
 Return value:  Size  Location     Type
                  1    wreg      void 
 Registers used:
		wreg, fsr0l, fsr0h, status,2, status,0
 Tracked objects:
		On entry : 
		On exit  : 
		Unchanged: 
 Data sizes:     COMMON   BANK0   BANK1   BANK3   BANK2
      Params:         0       0       0       0       0
      Locals:         1       0       0       0       0
      Temps:          0       0       0       0       0
      Totals:         1       0       0       0       0
Total ram usage:        1 bytes
 Hardware stack levels used:    1
 This function calls:
		Nothing
 This function is called by:
		_main
 This function uses a non-reentrant model


 *************** function _delay *****************
 Defined at:
		line 14 in file "delay.c"
 Parameters:    Size  Location     Type
  t               2    0[COMMON] int 
 Auto vars:     Size  Location     Type
		None
 Return value:  Size  Location     Type
                  1    wreg      void 
 Registers used:
		wreg, status,2, status,0
 Tracked objects:
		On entry : 
		On exit  : 
		Unchanged: 
 Data sizes:     COMMON   BANK0   BANK1   BANK3   BANK2
      Params:         2       0       0       0       0
      Locals:         0       0       0       0       0
      Temps:          1       0       0       0       0
      Totals:         3       0       0       0       0
Total ram usage:        3 bytes
 Hardware stack levels used:    1
 This function calls:
		Nothing
 This function is called by:
		_main
 This function uses a non-reentrant model


 *************** function _botao_ped *****************
 Defined at:
		line 58 in file "inicializacao.c"
 Parameters:    Size  Location     Type
		None
 Auto vars:     Size  Location     Type
		None
 Return value:  Size  Location     Type
                  2    0[COMMON] int 
 Registers used:
		wreg, status,2, status,0
 Tracked objects:
		On entry : 
		On exit  : 
		Unchanged: 
 Data sizes:     COMMON   BANK0   BANK1   BANK3   BANK2
      Params:         2       0       0       0       0
      Locals:         0       0       0       0       0
      Temps:          2       0       0       0       0
      Totals:         4       0       0       0       0
Total ram usage:        4 bytes
 Hardware stack levels used:    1
 This function calls:
		Nothing
 This function is called by:
		_main
 This function uses a non-reentrant model


 *************** function _amarelo *****************
 Defined at:
		line 30 in file "inicializacao.c"
 Parameters:    Size  Location     Type
		None
 Auto vars:     Size  Location     Type
		None
 Return value:  Size  Location     Type
                  1    wreg      void 
 Registers used:
		None
 Tracked objects:
		On entry : 
		On exit  : 
		Unchanged: 
 Data sizes:     COMMON   BANK0   BANK1   BANK3   BANK2
      Params:         0       0       0       0       0
      Locals:         0       0       0       0       0
      Temps:          0       0       0       0       0
      Totals:         0       0       0       0       0
Total ram usage:        0 bytes
 Hardware stack levels used:    1
 This function calls:
		Nothing
 This function is called by:
		_main
 This function uses a non-reentrant model



MODULE INFORMATION

Module		Function		Class		Link	Load	Size
delay.c
		_delay         		CODE           	06F2	0000	24

delay.c estimated size: 24

inicializacao.c
		_verde_ped     		CODE           	068A	0000	6
		_amarelo       		CODE           	0694	0000	7
		_verde         		CODE           	069A	0000	7
		_botao_ped     		CODE           	06C3	0000	13
		_vermelho      		CODE           	06A0	0000	7
		_vermelho_ped  		CODE           	068F	0000	6
		_semafaro_init 		CODE           	06A6	0000	10

inicializacao.c estimated size: 56

shared
		__initialization		CODE           	07EE	0000	15

shared estimated size: 15

display7seg.c
		_display7seg   		CODE           	06AF	0000	11
		_display7seg_init		CODE           	06B9	0000	11

display7seg.c estimated size: 22

main.c
		_main          		CODE           	0709	0000	230

main.c estimated size: 230

